<html>
<body>
<pre>
<h1>µVision Build Log</h1>
<h2>Tool Versions:</h2>
IDE-Version: µVision V5.30.0.0
Copyright (C) 2020 ARM Ltd and ARM Germany GmbH. All rights reserved.
License Information: Emirhan Gocturk, polseq, LIC=----
 
Tool Versions:
Toolchain:       MDK-Lite  Version: 5.30.0.0
Toolchain Path:  C:\Keil_v5\ARM\ARMCLANG\Bin
C Compiler:      ArmClang.exe V6.14
Assembler:       Armasm.exe V6.14
Linker/Locator:  ArmLink.exe V6.14
Library Manager: ArmAr.exe V6.14
Hex Converter:   FromElf.exe V6.14
CPU DLL:         SARMCM3.DLL V5.30.0.0
Dialog DLL:      DCM.DLL V1.17.3.0
Target DLL:      STLink\ST-LINKIII-KEIL_SWO.dll V3.0.7.0
Dialog DLL:      TCM.DLL V1.42.0.0
 
<h2>Project:</h2>
C:\Dev\RTOS\Tasks\tasks.uvprojx
Project File Date:  07/13/2020

<h2>Output:</h2>
*** Using Compiler 'V6.14', folder: 'C:\Keil_v5\ARM\ARMCLANG\Bin'
Build target 'Target 1'
main.c(6): warning: no previous extern declaration for non-static variable 'myTask1Handle' [-Wmissing-variable-declarations]
TaskHandle_t myTask1Handle = NULL;
             ^
main.c(6): note: declare 'static' if the variable is not intended to be used outside of this translation unit
TaskHandle_t myTask1Handle = NULL;
^
main.c(11): warning: incompatible pointer to integer conversion initializing 'int' with an expression of type 'int *'; dereference with * [-Wint-conversion]
        int count = (int*) p;
            ^       ~~~~~~~~
                    *
main.c(8): warning: no previous prototype for function 'myTask1' [-Wmissing-prototypes]
void myTask1(void *p)
     ^
main.c(8): note: declare 'static' if the function is not intended to be used outside of this translation unit
void myTask1(void *p)
^
static 
main.c(9): warning: function 'myTask1' could be declared with attribute 'noreturn' [-Wmissing-noreturn]
{
^
main.c(41): warning: no newline at end of file [-Wnewline-eof]
}
 ^
main.c(40): warning: 'return' will never be executed [-Wunreachable-code-return]
        return 0;
               ^
6 warnings generated.
compiling main.c...
linking...
Program Size: Code=3992 RO-data=268 RW-data=8 ZI-data=6048  
".\Objects\tasks.axf" - 0 Error(s), 6 Warning(s).

<h2>Software Packages used:</h2>

Package Vendor: ARM
                http://www.keil.com/pack/ARM.CMSIS.5.7.0.pack
                ARM.CMSIS.5.7.0
                CMSIS (Cortex Microcontroller Software Interface Standard)
   * Component: CORE Version: 5.4.0

Package Vendor: ARM
                http://www.keil.com/pack/ARM.CMSIS-FreeRTOS.10.3.1.pack
                ARM.CMSIS-FreeRTOS.10.3.1
                Bundle of FreeRTOS for Cortex-M and Cortex-A
   * Component: Config Variant: FreeRTOS Version: 10.3.1
   * Component: Core Variant: Cortex-M Version: 10.3.1
   * Component: Heap Variant: Heap_4 Version: 10.3.1

Package Vendor: Keil
                http://www.keil.com/pack/Keil.STM32F1xx_DFP.2.3.0.pack
                Keil.STM32F1xx_DFP.2.3.0
                STMicroelectronics STM32F1 Series Device Support, Drivers and Examples
   * Component: Startup Version: 1.0.0

<h2>Collection of Component include folders:</h2>
  .\RTE\Device\STM32F103C8
  .\RTE\RTOS
  .\RTE\_Target_1
  C:\Users\Emirhan\AppData\Local\Arm\Packs\ARM\CMSIS-FreeRTOS\10.3.1\CMSIS\RTOS2\FreeRTOS\Include
  C:\Users\Emirhan\AppData\Local\Arm\Packs\ARM\CMSIS-FreeRTOS\10.3.1\Source\include
  C:\Users\Emirhan\AppData\Local\Arm\Packs\ARM\CMSIS-FreeRTOS\10.3.1\Source\portable\GCC\ARM_CM3
  C:\Users\Emirhan\AppData\Local\Arm\Packs\ARM\CMSIS\5.7.0\CMSIS\Core\Include
  C:\Users\Emirhan\AppData\Local\Arm\Packs\Keil\STM32F1xx_DFP\2.3.0\Device\Include

<h2>Collection of Component Files used:</h2>

   * Component: ARM.FreeRTOS::RTOS:Config:FreeRTOS:10.3.1
      Include file:  Config\ARMCM\FreeRTOSConfig.h

   * Component: ARM.FreeRTOS::RTOS:Core:Cortex-M:10.3.1
      Source file:   CMSIS\RTOS2\FreeRTOS\Source\freertos_evr.c
      Include file:  Source\include\semphr.h
      Include file:  Source\include\task.h
      Source file:   Source\queue.c
      Source file:   Source\tasks.c
      Include file:  Source\include\FreeRTOS.h
      Include file:  Source\include\queue.h
      Source file:   Source\list.c
      Source file:   Source\portable\GCC\ARM_CM3\port.c

   * Component: ARM.FreeRTOS::RTOS:Heap:Heap_4:10.3.1
      Source file:   Source\portable\MemMang\heap_4.c

   * Component: ARM::CMSIS:CORE:5.4.0

   * Component: Keil::Device:Startup:1.0.0
      Source file:   Device\Source\ARM\startup_stm32f10x_md.s
      Source file:   Device\Source\system_stm32f10x.c
      Source file:   Device\Source\ARM\STM32F1xx_OPT.s
      Include file:  RTE_Driver\Config\RTE_Device.h
Build Time Elapsed:  00:00:00
</pre>
</body>
</html>
