<html>
<body>
<pre>
<h1>µVision Build Log</h1>
<h2>Tool Versions:</h2>
IDE-Version: µVision V5.30.0.0
Copyright (C) 2020 ARM Ltd and ARM Germany GmbH. All rights reserved.
License Information: Emirhan Gocturk, polseq, LIC=----
 
Tool Versions:
Toolchain:       MDK-Lite  Version: 5.30.0.0
Toolchain Path:  C:\Keil_v5\ARM\ARMCLANG\Bin
C Compiler:      ArmClang.exe V6.14
Assembler:       Armasm.exe V6.14
Linker/Locator:  ArmLink.exe V6.14
Library Manager: ArmAr.exe V6.14
Hex Converter:   FromElf.exe V6.14
CPU DLL:         SARMCM3.DLL V5.30.0.0
Dialog DLL:      DCM.DLL V1.17.3.0
Target DLL:      STLink\ST-LINKIII-KEIL_SWO.dll V3.0.7.0
Dialog DLL:      TCM.DLL V1.42.0.0
 
<h2>Project:</h2>
C:\Dev\RTOS\m4task\tasker.uvprojx
Project File Date:  07/11/2020

<h2>Output:</h2>
*** Using Compiler 'V6.14', folder: 'C:\Keil_v5\ARM\ARMCLANG\Bin'
Build target 'Target 1'
main.c(9): warning: no previous extern declaration for non-static variable 'xTaskHandle1' [-Wmissing-variable-declarations]
TaskHandle_t xTaskHandle1 = NULL;
             ^
main.c(9): note: declare 'static' if the variable is not intended to be used outside of this translation unit
TaskHandle_t xTaskHandle1 = NULL;
^
main.c(10): warning: no previous extern declaration for non-static variable 'xTaskHandle2' [-Wmissing-variable-declarations]
TaskHandle_t xTaskHandle2 = NULL;
             ^
main.c(10): note: declare 'static' if the variable is not intended to be used outside of this translation unit
TaskHandle_t xTaskHandle2 = NULL;
^
main.c(44): warning: 'return' will never be executed [-Wunreachable-code-return]
        return 0;
               ^
main.c(47): warning: unused parameter 'params' [-Wunused-parameter]
void vTask1_handler(void *params)
                          ^
main.c(48): warning: function 'vTask1_handler' could be declared with attribute 'noreturn' [-Wmissing-noreturn]
{
^
main.c(55): warning: no newline at end of file [-Wnewline-eof]
}
 ^
main.c(52): warning: unused parameter 'params' [-Wunused-parameter]
void vTask2_handler(void *params)
                          ^
main.c(53): warning: function 'vTask2_handler' could be declared with attribute 'noreturn' [-Wmissing-noreturn]
{
^
8 warnings generated.
compiling main.c...
linking...
Program Size: Code=3488 RO-data=440 RW-data=8 ZI-data=6048  
".\Objects\tasker.axf" - 0 Error(s), 8 Warning(s).

<h2>Software Packages used:</h2>

Package Vendor: ARM
                http://www.keil.com/pack/ARM.CMSIS.5.7.0.pack
                ARM.CMSIS.5.7.0
                CMSIS (Cortex Microcontroller Software Interface Standard)
   * Component: CORE Version: 5.4.0

Package Vendor: ARM
                http://www.keil.com/pack/ARM.CMSIS-FreeRTOS.10.3.1.pack
                ARM.CMSIS-FreeRTOS.10.3.1
                Bundle of FreeRTOS for Cortex-M and Cortex-A
   * Component: Config Variant: FreeRTOS Version: 10.3.1
   * Component: Core Variant: Cortex-M Version: 10.3.1
   * Component: Heap Variant: Heap_4 Version: 10.3.1

Package Vendor: Keil
                http://www.keil.com/pack/Keil.STM32F4xx_DFP.2.14.0.pack
                Keil.STM32F4xx_DFP.2.14.0
                STMicroelectronics STM32F4 Series Device Support, Drivers and Examples
   * Component: Startup Version: 2.6.3

<h2>Collection of Component include folders:</h2>
  .\RTE\RTOS
  .\RTE\_Target_1
  C:\Users\Emirhan\AppData\Local\Arm\Packs\ARM\CMSIS-FreeRTOS\10.3.1\CMSIS\RTOS2\FreeRTOS\Include
  C:\Users\Emirhan\AppData\Local\Arm\Packs\ARM\CMSIS-FreeRTOS\10.3.1\Source\include
  C:\Users\Emirhan\AppData\Local\Arm\Packs\ARM\CMSIS-FreeRTOS\10.3.1\Source\portable\GCC\ARM_CM4F
  C:\Users\Emirhan\AppData\Local\Arm\Packs\ARM\CMSIS\5.7.0\CMSIS\Core\Include
  C:\Users\Emirhan\AppData\Local\Arm\Packs\Keil\STM32F4xx_DFP\2.14.0\Drivers\CMSIS\Device\ST\STM32F4xx\Include

<h2>Collection of Component Files used:</h2>

   * Component: ARM.FreeRTOS::RTOS:Config:FreeRTOS:10.3.1
      Include file:  Config\ARMCM\FreeRTOSConfig.h

   * Component: ARM.FreeRTOS::RTOS:Core:Cortex-M:10.3.1
      Include file:  Source\include\FreeRTOS.h
      Include file:  Source\include\queue.h
      Include file:  Source\include\semphr.h
      Include file:  Source\include\task.h
      Source file:   Source\tasks.c
      Source file:   Source\portable\GCC\ARM_CM4F\port.c
      Source file:   Source\queue.c
      Source file:   Source\list.c
      Source file:   CMSIS\RTOS2\FreeRTOS\Source\freertos_evr.c

   * Component: ARM.FreeRTOS::RTOS:Heap:Heap_4:10.3.1
      Source file:   Source\portable\MemMang\heap_4.c

   * Component: ARM::CMSIS:CORE:5.4.0

   * Component: Keil::Device:Startup:2.6.3
      Include file:  Drivers\CMSIS\Device\ST\STM32F4xx\Include\stm32f4xx.h
      Source file:   Drivers\CMSIS\Device\ST\STM32F4xx\Source\Templates\arm\startup_stm32f411xe.s
      Source file:   MDK\Device\Source\ARM\STM32F411xx_OPT.s
      Source file:   MDK\Device\Source\ARM\STM32F4xx_OTP.s
      Source file:   Drivers\CMSIS\Device\ST\STM32F4xx\Source\Templates\system_stm32f4xx.c
Build Time Elapsed:  00:00:01
</pre>
</body>
</html>
